node.exe : npm warn Unknown env config "devdir". This will stop working in the next major version of npm.
At line:1 char:1
+ & "C:\Program Files\nodejs/node.exe" "C:\Program Files\nodejs/node_mo ...
+ ~~~~~~~~~~~~~~~~~~~~~~~~~~~~~~~~~~~~~~~~~~~~~~~~~~~~~~~~~~~~~~~~~~~~~
    + CategoryInfo          : NotSpecified: (npm warn Unknow...version of npm.:String) [], RemoteException
    + FullyQualifiedErrorId : NativeCommandError
 

> dihadii-website@0.1.0 build
> next build

Attention: Next.js now collects completely anonymous telemetry regarding usage.
This information is used to shape Next.js' roadmap and prioritize features.
You can learn more, including how to opt-out if you'd not like to participate in this anonymous program, by visiting the following URL:
https://nextjs.org/telemetry

Γû▓ Next.js 16.2.10 (Turbopack)

  Creating an optimized production build ...

> Build error occurred
Error: Turbopack build failed with 4 errors:
./src/components/sections/Footer.tsx:3:1
Export Facebook doesn't exist in target module
  [90m1 |[0m [36mimport[0m [33mImage[0m [36mfrom[0m [32m"next/image"[0m;
  [90m2 |[0m [36mimport[0m [33mLink[0m [36mfrom[0m [32m"next/link"[0m;
[31m[1m>[0m [90m3 |[0m [36mimport[0m { [33mFacebook[0m, [33mTwitter[0m, [33mInstagram[0m, 
[33mLinkedin[0m, [33mMail[0m } [36mfrom[0m [32m"lucide-react"[0m;
  [90m  |[0m [31m[1m^^^^^^^^^^^^^^^^^^^^^^^^^^^^^^^^^^^^^^^^^^^^^^^^^^^^^^^^^^^^^^^^^^^^^^^^^^^^[0m
  [90m4 |[0m
  [90m5 |[0m [36mconst[0m companyLinks = [
  [90m6 |[0m   { label: [32m"About"[0m, href: [32m"#"[0m },

The export Facebook was not found in module [project]/node_modules/lucide-react/dist/esm/lucide-react.mjs [app-rsc] 
(ecmascript).
Did you mean to import Webhook?
All exports of the module are statically known (It doesn't have dynamic exports). So it's known statically that the 
requested export doesn't exist.

Import trace:
  Server Component:
    ./src/components/sections/Footer.tsx
    ./src/app/page.tsx


./src/components/sections/Footer.tsx:3:1
Export Instagram doesn't exist in target module
  [90m1 |[0m [36mimport[0m [33mImage[0m [36mfrom[0m [32m"next/image"[0m;
  [90m2 |[0m [36mimport[0m [33mLink[0m [36mfrom[0m [32m"next/link"[0m;
[31m[1m>[0m [90m3 |[0m [36mimport[0m { [33mFacebook[0m, [33mTwitter[0m, [33mInstagram[0m, 
[33mLinkedin[0m, [33mMail[0m } [36mfrom[0m [32m"lucide-react"[0m;
  [90m  |[0m [31m[1m^^^^^^^^^^^^^^^^^^^^^^^^^^^^^^^^^^^^^^^^^^^^^^^^^^^^^^^^^^^^^^^^^^^^^^^^^^^^[0m
  [90m4 |[0m
  [90m5 |[0m [36mconst[0m companyLinks = [
  [90m6 |[0m   { label: [32m"About"[0m, href: [32m"#"[0m },

The export Instagram was not found in module [project]/node_modules/lucide-react/dist/esm/lucide-react.mjs [app-rsc] 
(ecmascript).
Did you mean to import Star?
All exports of the module are statically known (It doesn't have dynamic exports). So it's known statically that the 
requested export doesn't exist.

Import trace:
  Server Component:
    ./src/components/sections/Footer.tsx
    ./src/app/page.tsx


./src/components/sections/Footer.tsx:3:1
Export Linkedin doesn't exist in target module
  [90m1 |[0m [36mimport[0m [33mImage[0m [36mfrom[0m [32m"next/image"[0m;
  [90m2 |[0m [36mimport[0m [33mLink[0m [36mfrom[0m [32m"next/link"[0m;
[31m[1m>[0m [90m3 |[0m [36mimport[0m { [33mFacebook[0m, [33mTwitter[0m, [33mInstagram[0m, 
[33mLinkedin[0m, [33mMail[0m } [36mfrom[0m [32m"lucide-react"[0m;
  [90m  |[0m [31m[1m^^^^^^^^^^^^^^^^^^^^^^^^^^^^^^^^^^^^^^^^^^^^^^^^^^^^^^^^^^^^^^^^^^^^^^^^^^^^[0m
  [90m4 |[0m
  [90m5 |[0m [36mconst[0m companyLinks = [
  [90m6 |[0m   { label: [32m"About"[0m, href: [32m"#"[0m },

The export Linkedin was not found in module [project]/node_modules/lucide-react/dist/esm/lucide-react.mjs [app-rsc] 
(ecmascript).
Did you mean to import Link?
All exports of the module are statically known (It doesn't have dynamic exports). So it's known statically that the 
requested export doesn't exist.

Import trace:
  Server Component:
    ./src/components/sections/Footer.tsx
    ./src/app/page.tsx


./src/components/sections/Footer.tsx:3:1
Export Twitter doesn't exist in target module
  [90m1 |[0m [36mimport[0m [33mImage[0m [36mfrom[0m [32m"next/image"[0m;
  [90m2 |[0m [36mimport[0m [33mLink[0m [36mfrom[0m [32m"next/link"[0m;
[31m[1m>[0m [90m3 |[0m [36mimport[0m { [33mFacebook[0m, [33mTwitter[0m, [33mInstagram[0m, 
[33mLinkedin[0m, [33mMail[0m } [36mfrom[0m [32m"lucide-react"[0m;
  [90m  |[0m [31m[1m^^^^^^^^^^^^^^^^^^^^^^^^^^^^^^^^^^^^^^^^^^^^^^^^^^^^^^^^^^^^^^^^^^^^^^^^^^^^[0m
  [90m4 |[0m
  [90m5 |[0m [36mconst[0m companyLinks = [
  [90m6 |[0m   { label: [32m"About"[0m, href: [32m"#"[0m },

The export Twitter was not found in module [project]/node_modules/lucide-react/dist/esm/lucide-react.mjs [app-rsc] 
(ecmascript).
Did you mean to import Timer?
All exports of the module are statically known (It doesn't have dynamic exports). So it's known statically that the 
requested export doesn't exist.

Import trace:
  Server Component:
    ./src/components/sections/Footer.tsx
    ./src/app/page.tsx


    at <unknown> (./src/components/sections/Footer.tsx:3:1)
    at <unknown> (./src/components/sections/Footer.tsx:3:1)
    at <unknown> (./src/components/sections/Footer.tsx:3:1)
    at <unknown> (./src/components/sections/Footer.tsx:3:1)
